---
source: stacktrace-parser/src/lib.rs
expression: parsed
input_file: libclusterfuzz/data/stack-traces/ubsan_pointer_overflow_null_zero_offset.txt
---
{
  "text": "Running: /mnt/scratch0/clusterfuzz/bot/inputs/fuzzer-testcases/crash-1ecd3fd5c9ee4c8545301c3dd5ddc333dbe7360c\n../../third_party/freetype/src/src/cff/cffload.c:2060:51: runtime error: applying zero offset to null pointer\n    #0 0x564ca63e03d4 in cff_subfont_load third_party/freetype/src/src/cff/cffload.c:2060:51\n    #1 0x564ca63de001 in cff_font_load third_party/freetype/src/src/cff/cffload.c:2374:13\n    #2 0x564ca63d2426 in cff_face_init third_party/freetype/src/src/cff/cffobjs.c:615:15\n    #3 0x564ca63cdf98 in open_face third_party/freetype/src/src/base/ftobjs.c:1403:15\n    #4 0x564ca63c12ad in ft_open_face_internal third_party/freetype/src/src/base/ftobjs.c:2475:19\n    #5 0x564ca63c18e1 in FT_New_Memory_Face third_party/freetype/src/src/base/ftobjs.c:1493:12\n    #6 0x564ca68d4420 in CFX_Face::New(FT_LibraryRec_*, fxcrt::RetainPtr<fxcrt::Retainable> const&, pdfium::span<unsigned char const>, long) third_party/pdfium/core/fxge/cfx_face.cpp:15:7\n    #7 0x564ca68f4314 in CFX_FontMgr::NewFixedFace(fxcrt::RetainPtr<CFX_FontMgr::FontDesc> const&, pdfium::span<unsigned char const>, int) third_party/pdfium/core/fxge/cfx_fontmgr.cpp:151:7\n    #8 0x564ca68dea29 in CFX_Font::LoadEmbedded(pdfium::span<unsigned char const>, bool) third_party/pdfium/core/fxge/cfx_font.cpp:386:47\n    #9 0x564ca6c12bc9 in FPDFText_LoadFont third_party/pdfium/fpdfsdk/fpdf_edittext.cpp:493:15\n    #10 0x564ca62e7813 in LLVMFuzzerTestOneInput third_party/pdfium/testing/fuzzers/pdf_font_fuzzer.cc:22:23\n    #11 0x564ca6323806 in fuzzer::Fuzzer::ExecuteCallback(unsigned char const*, unsigned long) third_party/libFuzzer/src/FuzzerLoop.cpp:556:15\n    #12 0x564ca63083a5 in fuzzer::RunOneTest(fuzzer::Fuzzer*, char const*, unsigned long) third_party/libFuzzer/src/FuzzerDriver.cpp:292:6\n    #13 0x564ca630b4a9 in fuzzer::FuzzerDriver(int*, char***, int (*)(unsigned char const*, unsigned long)) third_party/libFuzzer/src/FuzzerDriver.cpp:774:9\n    #14 0x564ca632d87a in main third_party/libFuzzer/src/FuzzerMain.cpp:19:10\n    #15 0x7f84246c682f in __libc_start_main /build/glibc-LK5gWL/glibc-2.23/csu/../csu/libc-start.c:291\n    #16 0x564ca62d2169 in _start (/mnt/scratch0/clusterfuzz/bot/builds/chromium-browser-libfuzzer_linux-release-ubsan_ae530a86793cd6b8b56ce9af9159ac101396e802/revisions/libfuzzer-linux-release-718607/pdf_font_fuzzer+0x26c6169)\nSUMMARY: UndefinedBehaviorSanitizer: undefined-behavior ../../third_party/freetype/src/src/cff/cffload.c:2060:51 in\nExecuted /mnt/scratch0/clusterfuzz/bot/inputs/fuzzer-testcases/crash-1ecd3fd5c9ee4c8545301c3dd5ddc333dbe7360c in 3782 ms",
  "sanitizer": "UndefinedBehaviorSanitizer",
  "summary": "UndefinedBehaviorSanitizer: undefined-behavior (third_party/freetype/src/src/cff/cffload.c:2060 in cff_subfont_load)",
  "fault_type": "undefined-behavior",
  "call_stack": [
    "#0 0x564ca63e03d4 in cff_subfont_load third_party/freetype/src/src/cff/cffload.c:2060:51",
    "#1 0x564ca63de001 in cff_font_load third_party/freetype/src/src/cff/cffload.c:2374:13",
    "#2 0x564ca63d2426 in cff_face_init third_party/freetype/src/src/cff/cffobjs.c:615:15",
    "#3 0x564ca63cdf98 in open_face third_party/freetype/src/src/base/ftobjs.c:1403:15",
    "#4 0x564ca63c12ad in ft_open_face_internal third_party/freetype/src/src/base/ftobjs.c:2475:19",
    "#5 0x564ca63c18e1 in FT_New_Memory_Face third_party/freetype/src/src/base/ftobjs.c:1493:12",
    "#6 0x564ca68d4420 in CFX_Face::New(FT_LibraryRec_*, fxcrt::RetainPtr<fxcrt::Retainable> const&, pdfium::span<unsigned char const>, long) third_party/pdfium/core/fxge/cfx_face.cpp:15:7",
    "#7 0x564ca68f4314 in CFX_FontMgr::NewFixedFace(fxcrt::RetainPtr<CFX_FontMgr::FontDesc> const&, pdfium::span<unsigned char const>, int) third_party/pdfium/core/fxge/cfx_fontmgr.cpp:151:7",
    "#8 0x564ca68dea29 in CFX_Font::LoadEmbedded(pdfium::span<unsigned char const>, bool) third_party/pdfium/core/fxge/cfx_font.cpp:386:47",
    "#9 0x564ca6c12bc9 in FPDFText_LoadFont third_party/pdfium/fpdfsdk/fpdf_edittext.cpp:493:15",
    "#10 0x564ca62e7813 in LLVMFuzzerTestOneInput third_party/pdfium/testing/fuzzers/pdf_font_fuzzer.cc:22:23",
    "#11 0x564ca6323806 in fuzzer::Fuzzer::ExecuteCallback(unsigned char const*, unsigned long) third_party/libFuzzer/src/FuzzerLoop.cpp:556:15",
    "#12 0x564ca63083a5 in fuzzer::RunOneTest(fuzzer::Fuzzer*, char const*, unsigned long) third_party/libFuzzer/src/FuzzerDriver.cpp:292:6",
    "#13 0x564ca630b4a9 in fuzzer::FuzzerDriver(int*, char***, int (*)(unsigned char const*, unsigned long)) third_party/libFuzzer/src/FuzzerDriver.cpp:774:9",
    "#14 0x564ca632d87a in main third_party/libFuzzer/src/FuzzerMain.cpp:19:10",
    "#15 0x7f84246c682f in __libc_start_main /build/glibc-LK5gWL/glibc-2.23/csu/../csu/libc-start.c:291",
    "#16 0x564ca62d2169 in _start (/mnt/scratch0/clusterfuzz/bot/builds/chromium-browser-libfuzzer_linux-release-ubsan_ae530a86793cd6b8b56ce9af9159ac101396e802/revisions/libfuzzer-linux-release-718607/pdf_font_fuzzer+0x26c6169)"
  ],
  "full_stack_details": [
    {
      "line": "#0 0x564ca63e03d4 in cff_subfont_load third_party/freetype/src/src/cff/cffload.c:2060:51",
      "address": 94887206585300,
      "function_name": "cff_subfont_load",
      "source_file_name": "cffload.c",
      "source_file_path": "third_party/freetype/src/src/cff/cffload.c",
      "source_file_line": 2060,
      "source_file_column": 51
    },
    {
      "line": "#1 0x564ca63de001 in cff_font_load third_party/freetype/src/src/cff/cffload.c:2374:13",
      "address": 94887206576129,
      "function_name": "cff_font_load",
      "source_file_name": "cffload.c",
      "source_file_path": "third_party/freetype/src/src/cff/cffload.c",
      "source_file_line": 2374,
      "source_file_column": 13
    },
    {
      "line": "#2 0x564ca63d2426 in cff_face_init third_party/freetype/src/src/cff/cffobjs.c:615:15",
      "address": 94887206528038,
      "function_name": "cff_face_init",
      "source_file_name": "cffobjs.c",
      "source_file_path": "third_party/freetype/src/src/cff/cffobjs.c",
      "source_file_line": 615,
      "source_file_column": 15
    },
    {
      "line": "#3 0x564ca63cdf98 in open_face third_party/freetype/src/src/base/ftobjs.c:1403:15",
      "address": 94887206510488,
      "function_name": "open_face",
      "source_file_name": "ftobjs.c",
      "source_file_path": "third_party/freetype/src/src/base/ftobjs.c",
      "source_file_line": 1403,
      "source_file_column": 15
    },
    {
      "line": "#4 0x564ca63c12ad in ft_open_face_internal third_party/freetype/src/src/base/ftobjs.c:2475:19",
      "address": 94887206458029,
      "function_name": "ft_open_face_internal",
      "source_file_name": "ftobjs.c",
      "source_file_path": "third_party/freetype/src/src/base/ftobjs.c",
      "source_file_line": 2475,
      "source_file_column": 19
    },
    {
      "line": "#5 0x564ca63c18e1 in FT_New_Memory_Face third_party/freetype/src/src/base/ftobjs.c:1493:12",
      "address": 94887206459617,
      "function_name": "FT_New_Memory_Face",
      "source_file_name": "ftobjs.c",
      "source_file_path": "third_party/freetype/src/src/base/ftobjs.c",
      "source_file_line": 1493,
      "source_file_column": 12
    },
    {
      "line": "#6 0x564ca68d4420 in CFX_Face::New(FT_LibraryRec_*, fxcrt::RetainPtr<fxcrt::Retainable> const&, pdfium::span<unsigned char const>, long) third_party/pdfium/core/fxge/cfx_face.cpp:15:7",
      "address": 94887211779104,
      "function_name": "CFX_Face::New(FT_LibraryRec_*, fxcrt::RetainPtr<fxcrt::Retainable> const&, pdfium::span<unsigned char const>, long)",
      "source_file_name": "cfx_face.cpp",
      "source_file_path": "third_party/pdfium/core/fxge/cfx_face.cpp",
      "source_file_line": 15,
      "source_file_column": 7
    },
    {
      "line": "#7 0x564ca68f4314 in CFX_FontMgr::NewFixedFace(fxcrt::RetainPtr<CFX_FontMgr::FontDesc> const&, pdfium::span<unsigned char const>, int) third_party/pdfium/core/fxge/cfx_fontmgr.cpp:151:7",
      "address": 94887211909908,
      "function_name": "CFX_FontMgr::NewFixedFace(fxcrt::RetainPtr<CFX_FontMgr::FontDesc> const&, pdfium::span<unsigned char const>, int)",
      "source_file_name": "cfx_fontmgr.cpp",
      "source_file_path": "third_party/pdfium/core/fxge/cfx_fontmgr.cpp",
      "source_file_line": 151,
      "source_file_column": 7
    },
    {
      "line": "#8 0x564ca68dea29 in CFX_Font::LoadEmbedded(pdfium::span<unsigned char const>, bool) third_party/pdfium/core/fxge/cfx_font.cpp:386:47",
      "address": 94887211821609,
      "function_name": "CFX_Font::LoadEmbedded(pdfium::span<unsigned char const>, bool)",
      "source_file_name": "cfx_font.cpp",
      "source_file_path": "third_party/pdfium/core/fxge/cfx_font.cpp",
      "source_file_line": 386,
      "source_file_column": 47
    },
    {
      "line": "#9 0x564ca6c12bc9 in FPDFText_LoadFont third_party/pdfium/fpdfsdk/fpdf_edittext.cpp:493:15",
      "address": 94887215180745,
      "function_name": "FPDFText_LoadFont",
      "source_file_name": "fpdf_edittext.cpp",
      "source_file_path": "third_party/pdfium/fpdfsdk/fpdf_edittext.cpp",
      "source_file_line": 493,
      "source_file_column": 15
    },
    {
      "line": "#10 0x564ca62e7813 in LLVMFuzzerTestOneInput third_party/pdfium/testing/fuzzers/pdf_font_fuzzer.cc:22:23",
      "address": 94887205566483,
      "function_name": "LLVMFuzzerTestOneInput",
      "source_file_name": "pdf_font_fuzzer.cc",
      "source_file_path": "third_party/pdfium/testing/fuzzers/pdf_font_fuzzer.cc",
      "source_file_line": 22,
      "source_file_column": 23
    },
    {
      "line": "#11 0x564ca6323806 in fuzzer::Fuzzer::ExecuteCallback(unsigned char const*, unsigned long) third_party/libFuzzer/src/FuzzerLoop.cpp:556:15",
      "address": 94887205812230,
      "function_name": "fuzzer::Fuzzer::ExecuteCallback(unsigned char const*, unsigned long)",
      "source_file_name": "FuzzerLoop.cpp",
      "source_file_path": "third_party/libFuzzer/src/FuzzerLoop.cpp",
      "source_file_line": 556,
      "source_file_column": 15
    },
    {
      "line": "#12 0x564ca63083a5 in fuzzer::RunOneTest(fuzzer::Fuzzer*, char const*, unsigned long) third_party/libFuzzer/src/FuzzerDriver.cpp:292:6",
      "address": 94887205700517,
      "function_name": "fuzzer::RunOneTest(fuzzer::Fuzzer*, char const*, unsigned long)",
      "source_file_name": "FuzzerDriver.cpp",
      "source_file_path": "third_party/libFuzzer/src/FuzzerDriver.cpp",
      "source_file_line": 292,
      "source_file_column": 6
    },
    {
      "line": "#13 0x564ca630b4a9 in fuzzer::FuzzerDriver(int*, char***, int (*)(unsigned char const*, unsigned long)) third_party/libFuzzer/src/FuzzerDriver.cpp:774:9",
      "address": 94887205713065,
      "function_name": "fuzzer::FuzzerDriver(int*, char***, int (*)(unsigned char const*, unsigned long))",
      "source_file_name": "FuzzerDriver.cpp",
      "source_file_path": "third_party/libFuzzer/src/FuzzerDriver.cpp",
      "source_file_line": 774,
      "source_file_column": 9
    },
    {
      "line": "#14 0x564ca632d87a in main third_party/libFuzzer/src/FuzzerMain.cpp:19:10",
      "address": 94887205853306,
      "function_name": "main",
      "source_file_name": "FuzzerMain.cpp",
      "source_file_path": "third_party/libFuzzer/src/FuzzerMain.cpp",
      "source_file_line": 19,
      "source_file_column": 10
    },
    {
      "line": "#15 0x7f84246c682f in __libc_start_main /build/glibc-LK5gWL/glibc-2.23/csu/../csu/libc-start.c:291",
      "address": 140205523494959,
      "function_name": "__libc_start_main",
      "source_file_name": "libc-start.c",
      "source_file_path": "/build/glibc-LK5gWL/glibc-2.23/csu/../csu/libc-start.c",
      "source_file_line": 291
    },
    {
      "line": "#16 0x564ca62d2169 in _start (/mnt/scratch0/clusterfuzz/bot/builds/chromium-browser-libfuzzer_linux-release-ubsan_ae530a86793cd6b8b56ce9af9159ac101396e802/revisions/libfuzzer-linux-release-718607/pdf_font_fuzzer+0x26c6169)",
      "address": 94887205478761,
      "function_name": "_start",
      "module_path": "/mnt/scratch0/clusterfuzz/bot/builds/chromium-browser-libfuzzer_linux-release-ubsan_ae530a86793cd6b8b56ce9af9159ac101396e802/revisions/libfuzzer-linux-release-718607/pdf_font_fuzzer",
      "module_offset": 40657257
    }
  ],
  "full_stack_names": [
    "cff_subfont_load",
    "cff_font_load",
    "cff_face_init",
    "open_face",
    "ft_open_face_internal",
    "FT_New_Memory_Face",
    "CFX_Face::New",
    "CFX_FontMgr::NewFixedFace",
    "CFX_Font::LoadEmbedded",
    "FPDFText_LoadFont",
    "LLVMFuzzerTestOneInput",
    "fuzzer::Fuzzer::ExecuteCallback",
    "fuzzer::RunOneTest",
    "fuzzer::FuzzerDriver",
    "main",
    "__libc_start_main",
    "_start"
  ],
  "minimized_stack_details": [
    {
      "line": "#0 0x564ca63e03d4 in cff_subfont_load third_party/freetype/src/src/cff/cffload.c:2060:51",
      "address": 94887206585300,
      "function_name": "cff_subfont_load",
      "source_file_name": "cffload.c",
      "source_file_path": "third_party/freetype/src/src/cff/cffload.c",
      "source_file_line": 2060,
      "source_file_column": 51
    },
    {
      "line": "#1 0x564ca63de001 in cff_font_load third_party/freetype/src/src/cff/cffload.c:2374:13",
      "address": 94887206576129,
      "function_name": "cff_font_load",
      "source_file_name": "cffload.c",
      "source_file_path": "third_party/freetype/src/src/cff/cffload.c",
      "source_file_line": 2374,
      "source_file_column": 13
    },
    {
      "line": "#2 0x564ca63d2426 in cff_face_init third_party/freetype/src/src/cff/cffobjs.c:615:15",
      "address": 94887206528038,
      "function_name": "cff_face_init",
      "source_file_name": "cffobjs.c",
      "source_file_path": "third_party/freetype/src/src/cff/cffobjs.c",
      "source_file_line": 615,
      "source_file_column": 15
    },
    {
      "line": "#3 0x564ca63cdf98 in open_face third_party/freetype/src/src/base/ftobjs.c:1403:15",
      "address": 94887206510488,
      "function_name": "open_face",
      "source_file_name": "ftobjs.c",
      "source_file_path": "third_party/freetype/src/src/base/ftobjs.c",
      "source_file_line": 1403,
      "source_file_column": 15
    },
    {
      "line": "#4 0x564ca63c12ad in ft_open_face_internal third_party/freetype/src/src/base/ftobjs.c:2475:19",
      "address": 94887206458029,
      "function_name": "ft_open_face_internal",
      "source_file_name": "ftobjs.c",
      "source_file_path": "third_party/freetype/src/src/base/ftobjs.c",
      "source_file_line": 2475,
      "source_file_column": 19
    },
    {
      "line": "#5 0x564ca63c18e1 in FT_New_Memory_Face third_party/freetype/src/src/base/ftobjs.c:1493:12",
      "address": 94887206459617,
      "function_name": "FT_New_Memory_Face",
      "source_file_name": "ftobjs.c",
      "source_file_path": "third_party/freetype/src/src/base/ftobjs.c",
      "source_file_line": 1493,
      "source_file_column": 12
    },
    {
      "line": "#6 0x564ca68d4420 in CFX_Face::New(FT_LibraryRec_*, fxcrt::RetainPtr<fxcrt::Retainable> const&, pdfium::span<unsigned char const>, long) third_party/pdfium/core/fxge/cfx_face.cpp:15:7",
      "address": 94887211779104,
      "function_name": "CFX_Face::New(FT_LibraryRec_*, fxcrt::RetainPtr<fxcrt::Retainable> const&, pdfium::span<unsigned char const>, long)",
      "source_file_name": "cfx_face.cpp",
      "source_file_path": "third_party/pdfium/core/fxge/cfx_face.cpp",
      "source_file_line": 15,
      "source_file_column": 7
    },
    {
      "line": "#7 0x564ca68f4314 in CFX_FontMgr::NewFixedFace(fxcrt::RetainPtr<CFX_FontMgr::FontDesc> const&, pdfium::span<unsigned char const>, int) third_party/pdfium/core/fxge/cfx_fontmgr.cpp:151:7",
      "address": 94887211909908,
      "function_name": "CFX_FontMgr::NewFixedFace(fxcrt::RetainPtr<CFX_FontMgr::FontDesc> const&, pdfium::span<unsigned char const>, int)",
      "source_file_name": "cfx_fontmgr.cpp",
      "source_file_path": "third_party/pdfium/core/fxge/cfx_fontmgr.cpp",
      "source_file_line": 151,
      "source_file_column": 7
    },
    {
      "line": "#8 0x564ca68dea29 in CFX_Font::LoadEmbedded(pdfium::span<unsigned char const>, bool) third_party/pdfium/core/fxge/cfx_font.cpp:386:47",
      "address": 94887211821609,
      "function_name": "CFX_Font::LoadEmbedded(pdfium::span<unsigned char const>, bool)",
      "source_file_name": "cfx_font.cpp",
      "source_file_path": "third_party/pdfium/core/fxge/cfx_font.cpp",
      "source_file_line": 386,
      "source_file_column": 47
    },
    {
      "line": "#9 0x564ca6c12bc9 in FPDFText_LoadFont third_party/pdfium/fpdfsdk/fpdf_edittext.cpp:493:15",
      "address": 94887215180745,
      "function_name": "FPDFText_LoadFont",
      "source_file_name": "fpdf_edittext.cpp",
      "source_file_path": "third_party/pdfium/fpdfsdk/fpdf_edittext.cpp",
      "source_file_line": 493,
      "source_file_column": 15
    },
    {
      "line": "#10 0x564ca62e7813 in LLVMFuzzerTestOneInput third_party/pdfium/testing/fuzzers/pdf_font_fuzzer.cc:22:23",
      "address": 94887205566483,
      "function_name": "pdf_font_fuzzer.cc",
      "source_file_name": "pdf_font_fuzzer.cc",
      "source_file_path": "third_party/pdfium/testing/fuzzers/pdf_font_fuzzer.cc",
      "source_file_line": 22,
      "source_file_column": 23
    }
  ],
  "minimized_stack": [
    "#0 0x564ca63e03d4 in cff_subfont_load third_party/freetype/src/src/cff/cffload.c:2060:51",
    "#1 0x564ca63de001 in cff_font_load third_party/freetype/src/src/cff/cffload.c:2374:13",
    "#2 0x564ca63d2426 in cff_face_init third_party/freetype/src/src/cff/cffobjs.c:615:15",
    "#3 0x564ca63cdf98 in open_face third_party/freetype/src/src/base/ftobjs.c:1403:15",
    "#4 0x564ca63c12ad in ft_open_face_internal third_party/freetype/src/src/base/ftobjs.c:2475:19",
    "#5 0x564ca63c18e1 in FT_New_Memory_Face third_party/freetype/src/src/base/ftobjs.c:1493:12",
    "#6 0x564ca68d4420 in CFX_Face::New(FT_LibraryRec_*, fxcrt::RetainPtr<fxcrt::Retainable> const&, pdfium::span<unsigned char const>, long) third_party/pdfium/core/fxge/cfx_face.cpp:15:7",
    "#7 0x564ca68f4314 in CFX_FontMgr::NewFixedFace(fxcrt::RetainPtr<CFX_FontMgr::FontDesc> const&, pdfium::span<unsigned char const>, int) third_party/pdfium/core/fxge/cfx_fontmgr.cpp:151:7",
    "#8 0x564ca68dea29 in CFX_Font::LoadEmbedded(pdfium::span<unsigned char const>, bool) third_party/pdfium/core/fxge/cfx_font.cpp:386:47",
    "#9 0x564ca6c12bc9 in FPDFText_LoadFont third_party/pdfium/fpdfsdk/fpdf_edittext.cpp:493:15",
    "#10 0x564ca62e7813 in LLVMFuzzerTestOneInput third_party/pdfium/testing/fuzzers/pdf_font_fuzzer.cc:22:23"
  ],
  "minimized_stack_function_names": [
    "cff_subfont_load",
    "cff_font_load",
    "cff_face_init",
    "open_face",
    "ft_open_face_internal",
    "FT_New_Memory_Face",
    "CFX_Face::New",
    "CFX_FontMgr::NewFixedFace",
    "CFX_Font::LoadEmbedded",
    "FPDFText_LoadFont",
    "pdf_font_fuzzer.cc"
  ],
  "minimized_stack_function_lines": [
    "cff_subfont_load cffload.c:2060:51",
    "cff_font_load cffload.c:2374:13",
    "cff_face_init cffobjs.c:615:15",
    "open_face ftobjs.c:1403:15",
    "ft_open_face_internal ftobjs.c:2475:19",
    "FT_New_Memory_Face ftobjs.c:1493:12",
    "CFX_Face::New(FT_LibraryRec_*, fxcrt::RetainPtr<fxcrt::Retainable> const&, pdfium::span<unsigned char const>, long) cfx_face.cpp:15:7",
    "CFX_FontMgr::NewFixedFace(fxcrt::RetainPtr<CFX_FontMgr::FontDesc> const&, pdfium::span<unsigned char const>, int) cfx_fontmgr.cpp:151:7",
    "CFX_Font::LoadEmbedded(pdfium::span<unsigned char const>, bool) cfx_font.cpp:386:47",
    "FPDFText_LoadFont fpdf_edittext.cpp:493:15",
    "pdf_font_fuzzer.cc pdf_font_fuzzer.cc:22:23"
  ]
}
