---
source: stacktrace-parser/src/lib.rs
expression: parsed
input_file: stacktrace-parser/data/stack-traces/example-double-free.txt
---
{
  "text": "=================================================================\n==63086==ERROR: AddressSanitizer: attempting double-free on 0x602000000050 in thread T0:\n    #0 0x55faae2b3752 in __interceptor_free (/workspaces/onefuzz/src/integration-tests/libfuzzer/fuzz.exe+0xda752) (BuildId: 193b8a11b86868d1d18710a6ee963ada85f0f3a0)\n    #1 0x55faae2ef2fc in LLVMFuzzerTestOneInput /workspaces/onefuzz/src/integration-tests/libfuzzer/simple.c:73:56\n    #2 0x55faae217383 in fuzzer::Fuzzer::ExecuteCallback(unsigned char const*, unsigned long) (/workspaces/onefuzz/src/integration-tests/libfuzzer/fuzz.exe+0x3e383) (BuildId: 193b8a11b86868d1d18710a6ee963ada85f0f3a0)\n    #3 0x55faae2010ff in fuzzer::RunOneTest(fuzzer::Fuzzer*, char const*, unsigned long) (/workspaces/onefuzz/src/integration-tests/libfuzzer/fuzz.exe+0x280ff) (BuildId: 193b8a11b86868d1d18710a6ee963ada85f0f3a0)\n    #4 0x55faae206e56 in fuzzer::FuzzerDriver(int*, char***, int (*)(unsigned char const*, unsigned long)) (/workspaces/onefuzz/src/integration-tests/libfuzzer/fuzz.exe+0x2de56) (BuildId: 193b8a11b86868d1d18710a6ee963ada85f0f3a0)\n    #5 0x55faae230c72 in main (/workspaces/onefuzz/src/integration-tests/libfuzzer/fuzz.exe+0x57c72) (BuildId: 193b8a11b86868d1d18710a6ee963ada85f0f3a0)\n    #6 0x7fda0af66d8f  (/lib/x86_64-linux-gnu/libc.so.6+0x29d8f) (BuildId: 69389d485a9793dbe873f0ea2c93e02efaa9aa3d)\n    #7 0x7fda0af66e3f in __libc_start_main (/lib/x86_64-linux-gnu/libc.so.6+0x29e3f) (BuildId: 69389d485a9793dbe873f0ea2c93e02efaa9aa3d)\n    #8 0x55faae1fb9c4 in _start (/workspaces/onefuzz/src/integration-tests/libfuzzer/fuzz.exe+0x229c4) (BuildId: 193b8a11b86868d1d18710a6ee963ada85f0f3a0)\n\n0x602000000050 is located 0 bytes inside of 4-byte region [0x602000000050,0x602000000054)\nfreed by thread T0 here:\n    #0 0x55faae2b3752 in __interceptor_free (/workspaces/onefuzz/src/integration-tests/libfuzzer/fuzz.exe+0xda752) (BuildId: 193b8a11b86868d1d18710a6ee963ada85f0f3a0)\n    #1 0x55faae2ef2f0 in LLVMFuzzerTestOneInput /workspaces/onefuzz/src/integration-tests/libfuzzer/simple.c:73:47\n    #2 0x55faae217383 in fuzzer::Fuzzer::ExecuteCallback(unsigned char const*, unsigned long) (/workspaces/onefuzz/src/integration-tests/libfuzzer/fuzz.exe+0x3e383) (BuildId: 193b8a11b86868d1d18710a6ee963ada85f0f3a0)\n    #3 0x55faae2010ff in fuzzer::RunOneTest(fuzzer::Fuzzer*, char const*, unsigned long) (/workspaces/onefuzz/src/integration-tests/libfuzzer/fuzz.exe+0x280ff) (BuildId: 193b8a11b86868d1d18710a6ee963ada85f0f3a0)\n    #4 0x55faae206e56 in fuzzer::FuzzerDriver(int*, char***, int (*)(unsigned char const*, unsigned long)) (/workspaces/onefuzz/src/integration-tests/libfuzzer/fuzz.exe+0x2de56) (BuildId: 193b8a11b86868d1d18710a6ee963ada85f0f3a0)\n    #5 0x55faae230c72 in main (/workspaces/onefuzz/src/integration-tests/libfuzzer/fuzz.exe+0x57c72) (BuildId: 193b8a11b86868d1d18710a6ee963ada85f0f3a0)\n    #6 0x7fda0af66d8f  (/lib/x86_64-linux-gnu/libc.so.6+0x29d8f) (BuildId: 69389d485a9793dbe873f0ea2c93e02efaa9aa3d)\n\npreviously allocated by thread T0 here:\n    #0 0x55faae2b39fe in malloc (/workspaces/onefuzz/src/integration-tests/libfuzzer/fuzz.exe+0xda9fe) (BuildId: 193b8a11b86868d1d18710a6ee963ada85f0f3a0)\n    #1 0x55faae2ef2dd in LLVMFuzzerTestOneInput /workspaces/onefuzz/src/integration-tests/libfuzzer/simple.c:73:26\n    #2 0x55faae217383 in fuzzer::Fuzzer::ExecuteCallback(unsigned char const*, unsigned long) (/workspaces/onefuzz/src/integration-tests/libfuzzer/fuzz.exe+0x3e383) (BuildId: 193b8a11b86868d1d18710a6ee963ada85f0f3a0)\n    #3 0x55faae2010ff in fuzzer::RunOneTest(fuzzer::Fuzzer*, char const*, unsigned long) (/workspaces/onefuzz/src/integration-tests/libfuzzer/fuzz.exe+0x280ff) (BuildId: 193b8a11b86868d1d18710a6ee963ada85f0f3a0)\n    #4 0x55faae206e56 in fuzzer::FuzzerDriver(int*, char***, int (*)(unsigned char const*, unsigned long)) (/workspaces/onefuzz/src/integration-tests/libfuzzer/fuzz.exe+0x2de56) (BuildId: 193b8a11b86868d1d18710a6ee963ada85f0f3a0)\n    #5 0x55faae230c72 in main (/workspaces/onefuzz/src/integration-tests/libfuzzer/fuzz.exe+0x57c72) (BuildId: 193b8a11b86868d1d18710a6ee963ada85f0f3a0)\n    #6 0x7fda0af66d8f  (/lib/x86_64-linux-gnu/libc.so.6+0x29d8f) (BuildId: 69389d485a9793dbe873f0ea2c93e02efaa9aa3d)\n\nSUMMARY: AddressSanitizer: double-free (/workspaces/onefuzz/src/integration-tests/libfuzzer/fuzz.exe+0xda752) (BuildId: 193b8a11b86868d1d18710a6ee963ada85f0f3a0) in __interceptor_free\n==63086==ABORTING\n",
  "sanitizer": "AddressSanitizer",
  "summary": "AddressSanitizer: double-free (/workspaces/onefuzz/src/integration-tests/libfuzzer/fuzz.exe+0xda752) (BuildId: 193b8a11b86868d1d18710a6ee963ada85f0f3a0) in __interceptor_free",
  "fault_type": "double-free",
  "call_stack": [
    "#0 0x55faae2b3752 in __interceptor_free (/workspaces/onefuzz/src/integration-tests/libfuzzer/fuzz.exe+0xda752) (BuildId: 193b8a11b86868d1d18710a6ee963ada85f0f3a0)",
    "#1 0x55faae2ef2fc in LLVMFuzzerTestOneInput /workspaces/onefuzz/src/integration-tests/libfuzzer/simple.c:73:56",
    "#2 0x55faae217383 in fuzzer::Fuzzer::ExecuteCallback(unsigned char const*, unsigned long) (/workspaces/onefuzz/src/integration-tests/libfuzzer/fuzz.exe+0x3e383) (BuildId: 193b8a11b86868d1d18710a6ee963ada85f0f3a0)",
    "#3 0x55faae2010ff in fuzzer::RunOneTest(fuzzer::Fuzzer*, char const*, unsigned long) (/workspaces/onefuzz/src/integration-tests/libfuzzer/fuzz.exe+0x280ff) (BuildId: 193b8a11b86868d1d18710a6ee963ada85f0f3a0)",
    "#4 0x55faae206e56 in fuzzer::FuzzerDriver(int*, char***, int (*)(unsigned char const*, unsigned long)) (/workspaces/onefuzz/src/integration-tests/libfuzzer/fuzz.exe+0x2de56) (BuildId: 193b8a11b86868d1d18710a6ee963ada85f0f3a0)",
    "#5 0x55faae230c72 in main (/workspaces/onefuzz/src/integration-tests/libfuzzer/fuzz.exe+0x57c72) (BuildId: 193b8a11b86868d1d18710a6ee963ada85f0f3a0)",
    "#6 0x7fda0af66d8f  (/lib/x86_64-linux-gnu/libc.so.6+0x29d8f) (BuildId: 69389d485a9793dbe873f0ea2c93e02efaa9aa3d)",
    "#7 0x7fda0af66e3f in __libc_start_main (/lib/x86_64-linux-gnu/libc.so.6+0x29e3f) (BuildId: 69389d485a9793dbe873f0ea2c93e02efaa9aa3d)",
    "#8 0x55faae1fb9c4 in _start (/workspaces/onefuzz/src/integration-tests/libfuzzer/fuzz.exe+0x229c4) (BuildId: 193b8a11b86868d1d18710a6ee963ada85f0f3a0)"
  ],
  "full_stack_details": [
    {
      "line": "#0 0x55faae2b3752 in __interceptor_free (/workspaces/onefuzz/src/integration-tests/libfuzzer/fuzz.exe+0xda752) (BuildId: 193b8a11b86868d1d18710a6ee963ada85f0f3a0)",
      "address": 94535152252754,
      "function_name": "__interceptor_free",
      "module_path": "/workspaces/onefuzz/src/integration-tests/libfuzzer/fuzz.exe",
      "module_offset": 894802
    },
    {
      "line": "#1 0x55faae2ef2fc in LLVMFuzzerTestOneInput /workspaces/onefuzz/src/integration-tests/libfuzzer/simple.c:73:56",
      "address": 94535152497404,
      "function_name": "LLVMFuzzerTestOneInput",
      "function_offset": 56,
      "source_file_name": "simple.c",
      "source_file_path": "/workspaces/onefuzz/src/integration-tests/libfuzzer/simple.c",
      "source_file_line": 73
    },
    {
      "line": "#2 0x55faae217383 in fuzzer::Fuzzer::ExecuteCallback(unsigned char const*, unsigned long) (/workspaces/onefuzz/src/integration-tests/libfuzzer/fuzz.exe+0x3e383) (BuildId: 193b8a11b86868d1d18710a6ee963ada85f0f3a0)",
      "address": 94535151612803,
      "function_name": "fuzzer::Fuzzer::ExecuteCallback(unsigned char const*, unsigned long)",
      "module_path": "/workspaces/onefuzz/src/integration-tests/libfuzzer/fuzz.exe",
      "module_offset": 254851
    },
    {
      "line": "#3 0x55faae2010ff in fuzzer::RunOneTest(fuzzer::Fuzzer*, char const*, unsigned long) (/workspaces/onefuzz/src/integration-tests/libfuzzer/fuzz.exe+0x280ff) (BuildId: 193b8a11b86868d1d18710a6ee963ada85f0f3a0)",
      "address": 94535151522047,
      "function_name": "fuzzer::RunOneTest(fuzzer::Fuzzer*, char const*, unsigned long)",
      "module_path": "/workspaces/onefuzz/src/integration-tests/libfuzzer/fuzz.exe",
      "module_offset": 164095
    },
    {
      "line": "#4 0x55faae206e56 in fuzzer::FuzzerDriver(int*, char***, int (*)(unsigned char const*, unsigned long)) (/workspaces/onefuzz/src/integration-tests/libfuzzer/fuzz.exe+0x2de56) (BuildId: 193b8a11b86868d1d18710a6ee963ada85f0f3a0)",
      "address": 94535151545942,
      "function_name": "fuzzer::FuzzerDriver(int*, char***, int (*)(unsigned char const*, unsigned long))",
      "module_path": "/workspaces/onefuzz/src/integration-tests/libfuzzer/fuzz.exe",
      "module_offset": 187990
    },
    {
      "line": "#5 0x55faae230c72 in main (/workspaces/onefuzz/src/integration-tests/libfuzzer/fuzz.exe+0x57c72) (BuildId: 193b8a11b86868d1d18710a6ee963ada85f0f3a0)",
      "address": 94535151717490,
      "function_name": "main",
      "module_path": "/workspaces/onefuzz/src/integration-tests/libfuzzer/fuzz.exe",
      "module_offset": 359538
    },
    {
      "line": "#6 0x7fda0af66d8f  (/lib/x86_64-linux-gnu/libc.so.6+0x29d8f) (BuildId: 69389d485a9793dbe873f0ea2c93e02efaa9aa3d)",
      "address": 140574463520143,
      "module_path": "/lib/x86_64-linux-gnu/libc.so.6",
      "module_offset": 171407
    },
    {
      "line": "#7 0x7fda0af66e3f in __libc_start_main (/lib/x86_64-linux-gnu/libc.so.6+0x29e3f) (BuildId: 69389d485a9793dbe873f0ea2c93e02efaa9aa3d)",
      "address": 140574463520319,
      "function_name": "__libc_start_main",
      "module_path": "/lib/x86_64-linux-gnu/libc.so.6",
      "module_offset": 171583
    },
    {
      "line": "#8 0x55faae1fb9c4 in _start (/workspaces/onefuzz/src/integration-tests/libfuzzer/fuzz.exe+0x229c4) (BuildId: 193b8a11b86868d1d18710a6ee963ada85f0f3a0)",
      "address": 94535151499716,
      "function_name": "_start",
      "module_path": "/workspaces/onefuzz/src/integration-tests/libfuzzer/fuzz.exe",
      "module_offset": 141764
    }
  ],
  "full_stack_names": [
    "__interceptor_free",
    "LLVMFuzzerTestOneInput",
    "fuzzer::Fuzzer::ExecuteCallback",
    "fuzzer::RunOneTest",
    "fuzzer::FuzzerDriver",
    "main",
    "__libc_start_main",
    "_start"
  ],
  "minimized_stack_details": [
    {
      "line": "#1 0x55faae2ef2fc in LLVMFuzzerTestOneInput /workspaces/onefuzz/src/integration-tests/libfuzzer/simple.c:73:56",
      "address": 94535152497404,
      "function_name": "simple.c",
      "function_offset": 56,
      "source_file_name": "simple.c",
      "source_file_path": "/workspaces/onefuzz/src/integration-tests/libfuzzer/simple.c",
      "source_file_line": 73
    }
  ],
  "minimized_stack": [
    "#1 0x55faae2ef2fc in LLVMFuzzerTestOneInput /workspaces/onefuzz/src/integration-tests/libfuzzer/simple.c:73:56"
  ],
  "minimized_stack_function_names": [
    "simple.c"
  ],
  "minimized_stack_function_lines": [
    "simple.c simple.c:73:56"
  ]
}
