---
source: stacktrace-parser/src/lib.rs
expression: parsed
input_file: stacktrace-parser/data/stack-traces/example-stack-buffer-overflow.txt
---
{
  "text": "=================================================================\n==62893==ERROR: AddressSanitizer: stack-buffer-overflow on address 0x7fffb9b7ed9c at pc 0x55ec35545245 bp 0x7fffb9b7ed50 sp 0x7fffb9b7ed48\nWRITE of size 4 at 0x7fffb9b7ed9c thread T0\n    #0 0x55ec35545244 in LLVMFuzzerTestOneInput /workspaces/onefuzz/src/integration-tests/libfuzzer/simple.c:63:69\n    #1 0x55ec3546d383 in fuzzer::Fuzzer::ExecuteCallback(unsigned char const*, unsigned long) (/workspaces/onefuzz/src/integration-tests/libfuzzer/fuzz.exe+0x3e383) (BuildId: 193b8a11b86868d1d18710a6ee963ada85f0f3a0)\n    #2 0x55ec354570ff in fuzzer::RunOneTest(fuzzer::Fuzzer*, char const*, unsigned long) (/workspaces/onefuzz/src/integration-tests/libfuzzer/fuzz.exe+0x280ff) (BuildId: 193b8a11b86868d1d18710a6ee963ada85f0f3a0)\n    #3 0x55ec3545ce56 in fuzzer::FuzzerDriver(int*, char***, int (*)(unsigned char const*, unsigned long)) (/workspaces/onefuzz/src/integration-tests/libfuzzer/fuzz.exe+0x2de56) (BuildId: 193b8a11b86868d1d18710a6ee963ada85f0f3a0)\n    #4 0x55ec35486c72 in main (/workspaces/onefuzz/src/integration-tests/libfuzzer/fuzz.exe+0x57c72) (BuildId: 193b8a11b86868d1d18710a6ee963ada85f0f3a0)\n    #5 0x7fb1900d1d8f  (/lib/x86_64-linux-gnu/libc.so.6+0x29d8f) (BuildId: 69389d485a9793dbe873f0ea2c93e02efaa9aa3d)\n    #6 0x7fb1900d1e3f in __libc_start_main (/lib/x86_64-linux-gnu/libc.so.6+0x29e3f) (BuildId: 69389d485a9793dbe873f0ea2c93e02efaa9aa3d)\n    #7 0x55ec354519c4 in _start (/workspaces/onefuzz/src/integration-tests/libfuzzer/fuzz.exe+0x229c4) (BuildId: 193b8a11b86868d1d18710a6ee963ada85f0f3a0)\n\nAddress 0x7fffb9b7ed9c is located in stack of thread T0 at offset 60 in frame\n    #0 0x55ec35544aaf in LLVMFuzzerTestOneInput /workspaces/onefuzz/src/integration-tests/libfuzzer/simple.c:38\n\n  This frame has 1 object(s):\n    [32, 36) 'cnt' (line 39) <== Memory access at offset 60 overflows this variable\nHINT: this may be a false positive if your program uses some custom stack unwind mechanism, swapcontext or vfork\n      (longjmp and C++ exceptions *are* supported)\nSUMMARY: AddressSanitizer: stack-buffer-overflow /workspaces/onefuzz/src/integration-tests/libfuzzer/simple.c:63:69 in LLVMFuzzerTestOneInput\nShadow bytes around the buggy address:\n  0x100077367d60: 00 00 00 00 00 00 00 00 00 00 00 00 00 00 00 00\n  0x100077367d70: 00 00 00 00 00 00 00 00 00 00 00 00 00 00 00 00\n  0x100077367d80: 00 00 00 00 00 00 00 00 00 00 00 00 00 00 00 00\n  0x100077367d90: 00 00 00 00 00 00 00 00 00 00 00 00 00 00 00 00\n  0x100077367da0: 00 00 00 00 00 00 00 00 00 00 00 00 f1 f1 f1 f1\n=>0x100077367db0: 04 f3 f3[f3]00 00 00 00 00 00 00 00 00 00 00 00\n  0x100077367dc0: 00 00 00 00 00 00 00 00 00 00 00 00 00 00 00 00\n  0x100077367dd0: 00 00 00 00 00 00 00 00 00 00 00 00 00 00 00 00\n  0x100077367de0: 00 00 00 00 00 00 00 00 00 00 00 00 00 00 00 00\n  0x100077367df0: 00 00 00 00 00 00 00 00 00 00 00 00 00 00 00 00\n  0x100077367e00: 00 00 00 00 00 00 00 00 00 00 00 00 00 00 00 00\nShadow byte legend (one shadow byte represents 8 application bytes):\n  Addressable:           00\n  Partially addressable: 01 02 03 04 05 06 07 \n  Heap left redzone:       fa\n  Freed heap region:       fd\n  Stack left redzone:      f1\n  Stack mid redzone:       f2\n  Stack right redzone:     f3\n  Stack after return:      f5\n  Stack use after scope:   f8\n  Global redzone:          f9\n  Global init order:       f6\n  Poisoned by user:        f7\n  Container overflow:      fc\n  Array cookie:            ac\n  Intra object redzone:    bb\n  ASan internal:           fe\n  Left alloca redzone:     ca\n  Right alloca redzone:    cb\n==62893==ABORTING\n",
  "sanitizer": "AddressSanitizer",
  "summary": "AddressSanitizer: stack-buffer-overflow /workspaces/onefuzz/src/integration-tests/libfuzzer/simple.c:63:69 in LLVMFuzzerTestOneInput",
  "fault_type": "stack-buffer-overflow",
  "call_stack": [
    "#0 0x55ec35545244 in LLVMFuzzerTestOneInput /workspaces/onefuzz/src/integration-tests/libfuzzer/simple.c:63:69",
    "#1 0x55ec3546d383 in fuzzer::Fuzzer::ExecuteCallback(unsigned char const*, unsigned long) (/workspaces/onefuzz/src/integration-tests/libfuzzer/fuzz.exe+0x3e383) (BuildId: 193b8a11b86868d1d18710a6ee963ada85f0f3a0)",
    "#2 0x55ec354570ff in fuzzer::RunOneTest(fuzzer::Fuzzer*, char const*, unsigned long) (/workspaces/onefuzz/src/integration-tests/libfuzzer/fuzz.exe+0x280ff) (BuildId: 193b8a11b86868d1d18710a6ee963ada85f0f3a0)",
    "#3 0x55ec3545ce56 in fuzzer::FuzzerDriver(int*, char***, int (*)(unsigned char const*, unsigned long)) (/workspaces/onefuzz/src/integration-tests/libfuzzer/fuzz.exe+0x2de56) (BuildId: 193b8a11b86868d1d18710a6ee963ada85f0f3a0)",
    "#4 0x55ec35486c72 in main (/workspaces/onefuzz/src/integration-tests/libfuzzer/fuzz.exe+0x57c72) (BuildId: 193b8a11b86868d1d18710a6ee963ada85f0f3a0)",
    "#5 0x7fb1900d1d8f  (/lib/x86_64-linux-gnu/libc.so.6+0x29d8f) (BuildId: 69389d485a9793dbe873f0ea2c93e02efaa9aa3d)",
    "#6 0x7fb1900d1e3f in __libc_start_main (/lib/x86_64-linux-gnu/libc.so.6+0x29e3f) (BuildId: 69389d485a9793dbe873f0ea2c93e02efaa9aa3d)",
    "#7 0x55ec354519c4 in _start (/workspaces/onefuzz/src/integration-tests/libfuzzer/fuzz.exe+0x229c4) (BuildId: 193b8a11b86868d1d18710a6ee963ada85f0f3a0)"
  ],
  "full_stack_details": [
    {
      "line": "#0 0x55ec35545244 in LLVMFuzzerTestOneInput /workspaces/onefuzz/src/integration-tests/libfuzzer/simple.c:63:69",
      "address": 94472995361348,
      "function_name": "LLVMFuzzerTestOneInput",
      "function_offset": 69,
      "source_file_name": "simple.c",
      "source_file_path": "/workspaces/onefuzz/src/integration-tests/libfuzzer/simple.c",
      "source_file_line": 63
    },
    {
      "line": "#1 0x55ec3546d383 in fuzzer::Fuzzer::ExecuteCallback(unsigned char const*, unsigned long) (/workspaces/onefuzz/src/integration-tests/libfuzzer/fuzz.exe+0x3e383) (BuildId: 193b8a11b86868d1d18710a6ee963ada85f0f3a0)",
      "address": 94472994476931,
      "function_name": "fuzzer::Fuzzer::ExecuteCallback(unsigned char const*, unsigned long)",
      "module_path": "/workspaces/onefuzz/src/integration-tests/libfuzzer/fuzz.exe",
      "module_offset": 254851
    },
    {
      "line": "#2 0x55ec354570ff in fuzzer::RunOneTest(fuzzer::Fuzzer*, char const*, unsigned long) (/workspaces/onefuzz/src/integration-tests/libfuzzer/fuzz.exe+0x280ff) (BuildId: 193b8a11b86868d1d18710a6ee963ada85f0f3a0)",
      "address": 94472994386175,
      "function_name": "fuzzer::RunOneTest(fuzzer::Fuzzer*, char const*, unsigned long)",
      "module_path": "/workspaces/onefuzz/src/integration-tests/libfuzzer/fuzz.exe",
      "module_offset": 164095
    },
    {
      "line": "#3 0x55ec3545ce56 in fuzzer::FuzzerDriver(int*, char***, int (*)(unsigned char const*, unsigned long)) (/workspaces/onefuzz/src/integration-tests/libfuzzer/fuzz.exe+0x2de56) (BuildId: 193b8a11b86868d1d18710a6ee963ada85f0f3a0)",
      "address": 94472994410070,
      "function_name": "fuzzer::FuzzerDriver(int*, char***, int (*)(unsigned char const*, unsigned long))",
      "module_path": "/workspaces/onefuzz/src/integration-tests/libfuzzer/fuzz.exe",
      "module_offset": 187990
    },
    {
      "line": "#4 0x55ec35486c72 in main (/workspaces/onefuzz/src/integration-tests/libfuzzer/fuzz.exe+0x57c72) (BuildId: 193b8a11b86868d1d18710a6ee963ada85f0f3a0)",
      "address": 94472994581618,
      "function_name": "main",
      "module_path": "/workspaces/onefuzz/src/integration-tests/libfuzzer/fuzz.exe",
      "module_offset": 359538
    },
    {
      "line": "#5 0x7fb1900d1d8f  (/lib/x86_64-linux-gnu/libc.so.6+0x29d8f) (BuildId: 69389d485a9793dbe873f0ea2c93e02efaa9aa3d)",
      "address": 140400602717583,
      "module_path": "/lib/x86_64-linux-gnu/libc.so.6",
      "module_offset": 171407
    },
    {
      "line": "#6 0x7fb1900d1e3f in __libc_start_main (/lib/x86_64-linux-gnu/libc.so.6+0x29e3f) (BuildId: 69389d485a9793dbe873f0ea2c93e02efaa9aa3d)",
      "address": 140400602717759,
      "function_name": "__libc_start_main",
      "module_path": "/lib/x86_64-linux-gnu/libc.so.6",
      "module_offset": 171583
    },
    {
      "line": "#7 0x55ec354519c4 in _start (/workspaces/onefuzz/src/integration-tests/libfuzzer/fuzz.exe+0x229c4) (BuildId: 193b8a11b86868d1d18710a6ee963ada85f0f3a0)",
      "address": 94472994363844,
      "function_name": "_start",
      "module_path": "/workspaces/onefuzz/src/integration-tests/libfuzzer/fuzz.exe",
      "module_offset": 141764
    }
  ],
  "full_stack_names": [
    "LLVMFuzzerTestOneInput",
    "fuzzer::Fuzzer::ExecuteCallback",
    "fuzzer::RunOneTest",
    "fuzzer::FuzzerDriver",
    "main",
    "__libc_start_main",
    "_start"
  ],
  "minimized_stack_details": [
    {
      "line": "#0 0x55ec35545244 in LLVMFuzzerTestOneInput /workspaces/onefuzz/src/integration-tests/libfuzzer/simple.c:63:69",
      "address": 94472995361348,
      "function_name": "simple.c",
      "function_offset": 69,
      "source_file_name": "simple.c",
      "source_file_path": "/workspaces/onefuzz/src/integration-tests/libfuzzer/simple.c",
      "source_file_line": 63
    }
  ],
  "minimized_stack": [
    "#0 0x55ec35545244 in LLVMFuzzerTestOneInput /workspaces/onefuzz/src/integration-tests/libfuzzer/simple.c:63:69"
  ],
  "minimized_stack_function_names": [
    "simple.c"
  ],
  "minimized_stack_function_lines": [
    "simple.c simple.c:63:69"
  ]
}
