---
source: stacktrace-parser/src/lib.rs
expression: parsed
input_file: stacktrace-parser/data/stack-traces/example-fpe.txt
---
{
  "text": "=================================================================\n==63741==ERROR: AddressSanitizer: FPE on unknown address 0x556e7dca348e (pc 0x556e7dca348e bp 0x7ffe07bae220 sp 0x7ffe07bae020 T0)\n    #0 0x556e7dca348e in LLVMFuzzerTestOneInput /workspaces/onefuzz/src/integration-tests/libfuzzer/simple.c:88:32\n    #1 0x556e7dbcb383 in fuzzer::Fuzzer::ExecuteCallback(unsigned char const*, unsigned long) (/workspaces/onefuzz/src/integration-tests/libfuzzer/fuzz.exe+0x3e383) (BuildId: 193b8a11b86868d1d18710a6ee963ada85f0f3a0)\n    #2 0x556e7dbb50ff in fuzzer::RunOneTest(fuzzer::Fuzzer*, char const*, unsigned long) (/workspaces/onefuzz/src/integration-tests/libfuzzer/fuzz.exe+0x280ff) (BuildId: 193b8a11b86868d1d18710a6ee963ada85f0f3a0)\n    #3 0x556e7dbbae56 in fuzzer::FuzzerDriver(int*, char***, int (*)(unsigned char const*, unsigned long)) (/workspaces/onefuzz/src/integration-tests/libfuzzer/fuzz.exe+0x2de56) (BuildId: 193b8a11b86868d1d18710a6ee963ada85f0f3a0)\n    #4 0x556e7dbe4c72 in main (/workspaces/onefuzz/src/integration-tests/libfuzzer/fuzz.exe+0x57c72) (BuildId: 193b8a11b86868d1d18710a6ee963ada85f0f3a0)\n    #5 0x7fa30424cd8f  (/lib/x86_64-linux-gnu/libc.so.6+0x29d8f) (BuildId: 69389d485a9793dbe873f0ea2c93e02efaa9aa3d)\n    #6 0x7fa30424ce3f in __libc_start_main (/lib/x86_64-linux-gnu/libc.so.6+0x29e3f) (BuildId: 69389d485a9793dbe873f0ea2c93e02efaa9aa3d)\n    #7 0x556e7dbaf9c4 in _start (/workspaces/onefuzz/src/integration-tests/libfuzzer/fuzz.exe+0x229c4) (BuildId: 193b8a11b86868d1d18710a6ee963ada85f0f3a0)\n\nAddressSanitizer can not provide additional info.\nSUMMARY: AddressSanitizer: FPE /workspaces/onefuzz/src/integration-tests/libfuzzer/simple.c:88:32 in LLVMFuzzerTestOneInput\n==63741==ABORTING\n",
  "sanitizer": "AddressSanitizer",
  "summary": "AddressSanitizer: FPE (/workspaces/onefuzz/src/integration-tests/libfuzzer/simple.c:88 in LLVMFuzzerTestOneInput)",
  "fault_type": "FPE",
  "call_stack": [
    "#0 0x556e7dca348e in LLVMFuzzerTestOneInput /workspaces/onefuzz/src/integration-tests/libfuzzer/simple.c:88:32",
    "#1 0x556e7dbcb383 in fuzzer::Fuzzer::ExecuteCallback(unsigned char const*, unsigned long) (/workspaces/onefuzz/src/integration-tests/libfuzzer/fuzz.exe+0x3e383) (BuildId: 193b8a11b86868d1d18710a6ee963ada85f0f3a0)",
    "#2 0x556e7dbb50ff in fuzzer::RunOneTest(fuzzer::Fuzzer*, char const*, unsigned long) (/workspaces/onefuzz/src/integration-tests/libfuzzer/fuzz.exe+0x280ff) (BuildId: 193b8a11b86868d1d18710a6ee963ada85f0f3a0)",
    "#3 0x556e7dbbae56 in fuzzer::FuzzerDriver(int*, char***, int (*)(unsigned char const*, unsigned long)) (/workspaces/onefuzz/src/integration-tests/libfuzzer/fuzz.exe+0x2de56) (BuildId: 193b8a11b86868d1d18710a6ee963ada85f0f3a0)",
    "#4 0x556e7dbe4c72 in main (/workspaces/onefuzz/src/integration-tests/libfuzzer/fuzz.exe+0x57c72) (BuildId: 193b8a11b86868d1d18710a6ee963ada85f0f3a0)",
    "#5 0x7fa30424cd8f  (/lib/x86_64-linux-gnu/libc.so.6+0x29d8f) (BuildId: 69389d485a9793dbe873f0ea2c93e02efaa9aa3d)",
    "#6 0x7fa30424ce3f in __libc_start_main (/lib/x86_64-linux-gnu/libc.so.6+0x29e3f) (BuildId: 69389d485a9793dbe873f0ea2c93e02efaa9aa3d)",
    "#7 0x556e7dbaf9c4 in _start (/workspaces/onefuzz/src/integration-tests/libfuzzer/fuzz.exe+0x229c4) (BuildId: 193b8a11b86868d1d18710a6ee963ada85f0f3a0)"
  ],
  "full_stack_details": [
    {
      "line": "#0 0x556e7dca348e in LLVMFuzzerTestOneInput /workspaces/onefuzz/src/integration-tests/libfuzzer/simple.c:88:32",
      "address": 93933045167246,
      "function_name": "LLVMFuzzerTestOneInput",
      "source_file_name": "simple.c",
      "source_file_path": "/workspaces/onefuzz/src/integration-tests/libfuzzer/simple.c",
      "source_file_line": 88,
      "source_file_column": 32
    },
    {
      "line": "#1 0x556e7dbcb383 in fuzzer::Fuzzer::ExecuteCallback(unsigned char const*, unsigned long) (/workspaces/onefuzz/src/integration-tests/libfuzzer/fuzz.exe+0x3e383) (BuildId: 193b8a11b86868d1d18710a6ee963ada85f0f3a0)",
      "address": 93933044282243,
      "function_name": "fuzzer::Fuzzer::ExecuteCallback(unsigned char const*, unsigned long)",
      "module_path": "/workspaces/onefuzz/src/integration-tests/libfuzzer/fuzz.exe",
      "module_offset": 254851
    },
    {
      "line": "#2 0x556e7dbb50ff in fuzzer::RunOneTest(fuzzer::Fuzzer*, char const*, unsigned long) (/workspaces/onefuzz/src/integration-tests/libfuzzer/fuzz.exe+0x280ff) (BuildId: 193b8a11b86868d1d18710a6ee963ada85f0f3a0)",
      "address": 93933044191487,
      "function_name": "fuzzer::RunOneTest(fuzzer::Fuzzer*, char const*, unsigned long)",
      "module_path": "/workspaces/onefuzz/src/integration-tests/libfuzzer/fuzz.exe",
      "module_offset": 164095
    },
    {
      "line": "#3 0x556e7dbbae56 in fuzzer::FuzzerDriver(int*, char***, int (*)(unsigned char const*, unsigned long)) (/workspaces/onefuzz/src/integration-tests/libfuzzer/fuzz.exe+0x2de56) (BuildId: 193b8a11b86868d1d18710a6ee963ada85f0f3a0)",
      "address": 93933044215382,
      "function_name": "fuzzer::FuzzerDriver(int*, char***, int (*)(unsigned char const*, unsigned long))",
      "module_path": "/workspaces/onefuzz/src/integration-tests/libfuzzer/fuzz.exe",
      "module_offset": 187990
    },
    {
      "line": "#4 0x556e7dbe4c72 in main (/workspaces/onefuzz/src/integration-tests/libfuzzer/fuzz.exe+0x57c72) (BuildId: 193b8a11b86868d1d18710a6ee963ada85f0f3a0)",
      "address": 93933044386930,
      "function_name": "main",
      "module_path": "/workspaces/onefuzz/src/integration-tests/libfuzzer/fuzz.exe",
      "module_offset": 359538
    },
    {
      "line": "#5 0x7fa30424cd8f  (/lib/x86_64-linux-gnu/libc.so.6+0x29d8f) (BuildId: 69389d485a9793dbe873f0ea2c93e02efaa9aa3d)",
      "address": 140338125917583,
      "module_path": "/lib/x86_64-linux-gnu/libc.so.6",
      "module_offset": 171407
    },
    {
      "line": "#6 0x7fa30424ce3f in __libc_start_main (/lib/x86_64-linux-gnu/libc.so.6+0x29e3f) (BuildId: 69389d485a9793dbe873f0ea2c93e02efaa9aa3d)",
      "address": 140338125917759,
      "function_name": "__libc_start_main",
      "module_path": "/lib/x86_64-linux-gnu/libc.so.6",
      "module_offset": 171583
    },
    {
      "line": "#7 0x556e7dbaf9c4 in _start (/workspaces/onefuzz/src/integration-tests/libfuzzer/fuzz.exe+0x229c4) (BuildId: 193b8a11b86868d1d18710a6ee963ada85f0f3a0)",
      "address": 93933044169156,
      "function_name": "_start",
      "module_path": "/workspaces/onefuzz/src/integration-tests/libfuzzer/fuzz.exe",
      "module_offset": 141764
    }
  ],
  "full_stack_names": [
    "LLVMFuzzerTestOneInput",
    "fuzzer::Fuzzer::ExecuteCallback",
    "fuzzer::RunOneTest",
    "fuzzer::FuzzerDriver",
    "main",
    "__libc_start_main",
    "_start"
  ],
  "minimized_stack_details": [
    {
      "line": "#0 0x556e7dca348e in LLVMFuzzerTestOneInput /workspaces/onefuzz/src/integration-tests/libfuzzer/simple.c:88:32",
      "address": 93933045167246,
      "function_name": "LLVMFuzzerTestOneInput",
      "source_file_name": "simple.c",
      "source_file_path": "/workspaces/onefuzz/src/integration-tests/libfuzzer/simple.c",
      "source_file_line": 88,
      "source_file_column": 32
    }
  ],
  "minimized_stack": [
    "#0 0x556e7dca348e in LLVMFuzzerTestOneInput /workspaces/onefuzz/src/integration-tests/libfuzzer/simple.c:88:32"
  ],
  "minimized_stack_function_names": [
    "LLVMFuzzerTestOneInput"
  ],
  "minimized_stack_function_lines": [
    "LLVMFuzzerTestOneInput simple.c:88:32"
  ]
}
