---
source: stacktrace-parser/src/lib.rs
expression: parsed
input_file: stacktrace-parser/data/stack-traces/example-heap-buffer-overflow.txt
---
{
  "text": "=================================================================\n==63506==ERROR: AddressSanitizer: heap-buffer-overflow on address 0x603000000150 at pc 0x55985b227427 bp 0x7ffed7cabb50 sp 0x7ffed7cabb48\nWRITE of size 4 at 0x603000000150 thread T0\n    #0 0x55985b227426 in LLVMFuzzerTestOneInput /workspaces/onefuzz/src/integration-tests/libfuzzer/simple.c:83:91\n    #1 0x55985b14f383 in fuzzer::Fuzzer::ExecuteCallback(unsigned char const*, unsigned long) (/workspaces/onefuzz/src/integration-tests/libfuzzer/fuzz.exe+0x3e383) (BuildId: 193b8a11b86868d1d18710a6ee963ada85f0f3a0)\n    #2 0x55985b1390ff in fuzzer::RunOneTest(fuzzer::Fuzzer*, char const*, unsigned long) (/workspaces/onefuzz/src/integration-tests/libfuzzer/fuzz.exe+0x280ff) (BuildId: 193b8a11b86868d1d18710a6ee963ada85f0f3a0)\n    #3 0x55985b13ee56 in fuzzer::FuzzerDriver(int*, char***, int (*)(unsigned char const*, unsigned long)) (/workspaces/onefuzz/src/integration-tests/libfuzzer/fuzz.exe+0x2de56) (BuildId: 193b8a11b86868d1d18710a6ee963ada85f0f3a0)\n    #4 0x55985b168c72 in main (/workspaces/onefuzz/src/integration-tests/libfuzzer/fuzz.exe+0x57c72) (BuildId: 193b8a11b86868d1d18710a6ee963ada85f0f3a0)\n    #5 0x7fd7b9330d8f  (/lib/x86_64-linux-gnu/libc.so.6+0x29d8f) (BuildId: 69389d485a9793dbe873f0ea2c93e02efaa9aa3d)\n    #6 0x7fd7b9330e3f in __libc_start_main (/lib/x86_64-linux-gnu/libc.so.6+0x29e3f) (BuildId: 69389d485a9793dbe873f0ea2c93e02efaa9aa3d)\n    #7 0x55985b1339c4 in _start (/workspaces/onefuzz/src/integration-tests/libfuzzer/fuzz.exe+0x229c4) (BuildId: 193b8a11b86868d1d18710a6ee963ada85f0f3a0)\n\n0x603000000150 is located 0 bytes to the right of 32-byte region [0x603000000130,0x603000000150)\nallocated by thread T0 here:\n    #0 0x55985b1eb9fe in malloc (/workspaces/onefuzz/src/integration-tests/libfuzzer/fuzz.exe+0xda9fe) (BuildId: 193b8a11b86868d1d18710a6ee963ada85f0f3a0)\n    #1 0x55985b227399 in LLVMFuzzerTestOneInput /workspaces/onefuzz/src/integration-tests/libfuzzer/simple.c:83:26\n    #2 0x55985b14f383 in fuzzer::Fuzzer::ExecuteCallback(unsigned char const*, unsigned long) (/workspaces/onefuzz/src/integration-tests/libfuzzer/fuzz.exe+0x3e383) (BuildId: 193b8a11b86868d1d18710a6ee963ada85f0f3a0)\n    #3 0x55985b1390ff in fuzzer::RunOneTest(fuzzer::Fuzzer*, char const*, unsigned long) (/workspaces/onefuzz/src/integration-tests/libfuzzer/fuzz.exe+0x280ff) (BuildId: 193b8a11b86868d1d18710a6ee963ada85f0f3a0)\n    #4 0x55985b13ee56 in fuzzer::FuzzerDriver(int*, char***, int (*)(unsigned char const*, unsigned long)) (/workspaces/onefuzz/src/integration-tests/libfuzzer/fuzz.exe+0x2de56) (BuildId: 193b8a11b86868d1d18710a6ee963ada85f0f3a0)\n    #5 0x55985b168c72 in main (/workspaces/onefuzz/src/integration-tests/libfuzzer/fuzz.exe+0x57c72) (BuildId: 193b8a11b86868d1d18710a6ee963ada85f0f3a0)\n    #6 0x7fd7b9330d8f  (/lib/x86_64-linux-gnu/libc.so.6+0x29d8f) (BuildId: 69389d485a9793dbe873f0ea2c93e02efaa9aa3d)\n\nSUMMARY: AddressSanitizer: heap-buffer-overflow /workspaces/onefuzz/src/integration-tests/libfuzzer/simple.c:83:91 in LLVMFuzzerTestOneInput\nShadow bytes around the buggy address:\n  0x0c067fff7fd0: 00 00 00 00 00 00 00 00 00 00 00 00 00 00 00 00\n  0x0c067fff7fe0: 00 00 00 00 00 00 00 00 00 00 00 00 00 00 00 00\n  0x0c067fff7ff0: 00 00 00 00 00 00 00 00 00 00 00 00 00 00 00 00\n  0x0c067fff8000: fa fa 00 00 00 fa fa fa 00 00 00 fa fa fa 00 00\n  0x0c067fff8010: 00 00 fa fa 00 00 00 fa fa fa 00 00 00 00 fa fa\n=>0x0c067fff8020: 00 00 00 00 fa fa 00 00 00 00[fa]fa fa fa fa fa\n  0x0c067fff8030: fa fa fa fa fa fa fa fa fa fa fa fa fa fa fa fa\n  0x0c067fff8040: fa fa fa fa fa fa fa fa fa fa fa fa fa fa fa fa\n  0x0c067fff8050: fa fa fa fa fa fa fa fa fa fa fa fa fa fa fa fa\n  0x0c067fff8060: fa fa fa fa fa fa fa fa fa fa fa fa fa fa fa fa\n  0x0c067fff8070: fa fa fa fa fa fa fa fa fa fa fa fa fa fa fa fa\nShadow byte legend (one shadow byte represents 8 application bytes):\n  Addressable:           00\n  Partially addressable: 01 02 03 04 05 06 07 \n  Heap left redzone:       fa\n  Freed heap region:       fd\n  Stack left redzone:      f1\n  Stack mid redzone:       f2\n  Stack right redzone:     f3\n  Stack after return:      f5\n  Stack use after scope:   f8\n  Global redzone:          f9\n  Global init order:       f6\n  Poisoned by user:        f7\n  Container overflow:      fc\n  Array cookie:            ac\n  Intra object redzone:    bb\n  ASan internal:           fe\n  Left alloca redzone:     ca\n  Right alloca redzone:    cb\n==63506==ABORTING\n",
  "sanitizer": "AddressSanitizer",
  "summary": "AddressSanitizer: heap-buffer-overflow (/workspaces/onefuzz/src/integration-tests/libfuzzer/simple.c:83 in LLVMFuzzerTestOneInput)",
  "fault_type": "heap-buffer-overflow",
  "call_stack": [
    "#0 0x55985b227426 in LLVMFuzzerTestOneInput /workspaces/onefuzz/src/integration-tests/libfuzzer/simple.c:83:91",
    "#1 0x55985b14f383 in fuzzer::Fuzzer::ExecuteCallback(unsigned char const*, unsigned long) (/workspaces/onefuzz/src/integration-tests/libfuzzer/fuzz.exe+0x3e383) (BuildId: 193b8a11b86868d1d18710a6ee963ada85f0f3a0)",
    "#2 0x55985b1390ff in fuzzer::RunOneTest(fuzzer::Fuzzer*, char const*, unsigned long) (/workspaces/onefuzz/src/integration-tests/libfuzzer/fuzz.exe+0x280ff) (BuildId: 193b8a11b86868d1d18710a6ee963ada85f0f3a0)",
    "#3 0x55985b13ee56 in fuzzer::FuzzerDriver(int*, char***, int (*)(unsigned char const*, unsigned long)) (/workspaces/onefuzz/src/integration-tests/libfuzzer/fuzz.exe+0x2de56) (BuildId: 193b8a11b86868d1d18710a6ee963ada85f0f3a0)",
    "#4 0x55985b168c72 in main (/workspaces/onefuzz/src/integration-tests/libfuzzer/fuzz.exe+0x57c72) (BuildId: 193b8a11b86868d1d18710a6ee963ada85f0f3a0)",
    "#5 0x7fd7b9330d8f  (/lib/x86_64-linux-gnu/libc.so.6+0x29d8f) (BuildId: 69389d485a9793dbe873f0ea2c93e02efaa9aa3d)",
    "#6 0x7fd7b9330e3f in __libc_start_main (/lib/x86_64-linux-gnu/libc.so.6+0x29e3f) (BuildId: 69389d485a9793dbe873f0ea2c93e02efaa9aa3d)",
    "#7 0x55985b1339c4 in _start (/workspaces/onefuzz/src/integration-tests/libfuzzer/fuzz.exe+0x229c4) (BuildId: 193b8a11b86868d1d18710a6ee963ada85f0f3a0)"
  ],
  "full_stack_details": [
    {
      "line": "#0 0x55985b227426 in LLVMFuzzerTestOneInput /workspaces/onefuzz/src/integration-tests/libfuzzer/simple.c:83:91",
      "address": 94112852374566,
      "function_name": "LLVMFuzzerTestOneInput",
      "source_file_name": "simple.c",
      "source_file_path": "/workspaces/onefuzz/src/integration-tests/libfuzzer/simple.c",
      "source_file_line": 83,
      "source_file_column": 91
    },
    {
      "line": "#1 0x55985b14f383 in fuzzer::Fuzzer::ExecuteCallback(unsigned char const*, unsigned long) (/workspaces/onefuzz/src/integration-tests/libfuzzer/fuzz.exe+0x3e383) (BuildId: 193b8a11b86868d1d18710a6ee963ada85f0f3a0)",
      "address": 94112851489667,
      "function_name": "fuzzer::Fuzzer::ExecuteCallback(unsigned char const*, unsigned long)",
      "module_path": "/workspaces/onefuzz/src/integration-tests/libfuzzer/fuzz.exe",
      "module_offset": 254851
    },
    {
      "line": "#2 0x55985b1390ff in fuzzer::RunOneTest(fuzzer::Fuzzer*, char const*, unsigned long) (/workspaces/onefuzz/src/integration-tests/libfuzzer/fuzz.exe+0x280ff) (BuildId: 193b8a11b86868d1d18710a6ee963ada85f0f3a0)",
      "address": 94112851398911,
      "function_name": "fuzzer::RunOneTest(fuzzer::Fuzzer*, char const*, unsigned long)",
      "module_path": "/workspaces/onefuzz/src/integration-tests/libfuzzer/fuzz.exe",
      "module_offset": 164095
    },
    {
      "line": "#3 0x55985b13ee56 in fuzzer::FuzzerDriver(int*, char***, int (*)(unsigned char const*, unsigned long)) (/workspaces/onefuzz/src/integration-tests/libfuzzer/fuzz.exe+0x2de56) (BuildId: 193b8a11b86868d1d18710a6ee963ada85f0f3a0)",
      "address": 94112851422806,
      "function_name": "fuzzer::FuzzerDriver(int*, char***, int (*)(unsigned char const*, unsigned long))",
      "module_path": "/workspaces/onefuzz/src/integration-tests/libfuzzer/fuzz.exe",
      "module_offset": 187990
    },
    {
      "line": "#4 0x55985b168c72 in main (/workspaces/onefuzz/src/integration-tests/libfuzzer/fuzz.exe+0x57c72) (BuildId: 193b8a11b86868d1d18710a6ee963ada85f0f3a0)",
      "address": 94112851594354,
      "function_name": "main",
      "module_path": "/workspaces/onefuzz/src/integration-tests/libfuzzer/fuzz.exe",
      "module_offset": 359538
    },
    {
      "line": "#5 0x7fd7b9330d8f  (/lib/x86_64-linux-gnu/libc.so.6+0x29d8f) (BuildId: 69389d485a9793dbe873f0ea2c93e02efaa9aa3d)",
      "address": 140564501826959,
      "module_path": "/lib/x86_64-linux-gnu/libc.so.6",
      "module_offset": 171407
    },
    {
      "line": "#6 0x7fd7b9330e3f in __libc_start_main (/lib/x86_64-linux-gnu/libc.so.6+0x29e3f) (BuildId: 69389d485a9793dbe873f0ea2c93e02efaa9aa3d)",
      "address": 140564501827135,
      "function_name": "__libc_start_main",
      "module_path": "/lib/x86_64-linux-gnu/libc.so.6",
      "module_offset": 171583
    },
    {
      "line": "#7 0x55985b1339c4 in _start (/workspaces/onefuzz/src/integration-tests/libfuzzer/fuzz.exe+0x229c4) (BuildId: 193b8a11b86868d1d18710a6ee963ada85f0f3a0)",
      "address": 94112851376580,
      "function_name": "_start",
      "module_path": "/workspaces/onefuzz/src/integration-tests/libfuzzer/fuzz.exe",
      "module_offset": 141764
    }
  ],
  "full_stack_names": [
    "LLVMFuzzerTestOneInput",
    "fuzzer::Fuzzer::ExecuteCallback",
    "fuzzer::RunOneTest",
    "fuzzer::FuzzerDriver",
    "main",
    "__libc_start_main",
    "_start"
  ],
  "minimized_stack_details": [
    {
      "line": "#0 0x55985b227426 in LLVMFuzzerTestOneInput /workspaces/onefuzz/src/integration-tests/libfuzzer/simple.c:83:91",
      "address": 94112852374566,
      "function_name": "LLVMFuzzerTestOneInput",
      "source_file_name": "simple.c",
      "source_file_path": "/workspaces/onefuzz/src/integration-tests/libfuzzer/simple.c",
      "source_file_line": 83,
      "source_file_column": 91
    }
  ],
  "minimized_stack": [
    "#0 0x55985b227426 in LLVMFuzzerTestOneInput /workspaces/onefuzz/src/integration-tests/libfuzzer/simple.c:83:91"
  ],
  "minimized_stack_function_names": [
    "LLVMFuzzerTestOneInput"
  ],
  "minimized_stack_function_lines": [
    "LLVMFuzzerTestOneInput simple.c:83:91"
  ]
}
